// Jest Snapshot v1, https://goo.gl/fbAQLP

exports[`AdminHeader matches snapshot 1`] = `
<div>
  <nav
    class="main navbar navbar-expand navbar-light"
  >
    <button
      aria-controls="basic-navbar-nav"
      aria-label="Toggle navigation"
      class="navbar-toggler collapsed"
      type="button"
    >
      <span
        class="navbar-toggler-icon"
      />
    </button>
    <div
      class="navbar-collapse collapse"
      id="basic-navbar-nav"
    >
      <div
        class="navbar-nav"
      >
        <a
          class="nav-link"
          data-rr-ui-event-key="/admin/main"
          data-testid="/admin/main"
          href="/admin/main"
        >
          ראשי
        </a>
        <a
          class="nav-link"
          data-rr-ui-event-key="/admin/plans"
          data-testid="/admin/plans"
          href="/admin/plans"
        >
          תכניות
        </a>
        <a
          class="nav-link"
          data-rr-ui-event-key="/admin/lines"
          data-testid="/admin/lines"
          href="/admin/lines"
        >
          קווים
        </a>
        <a
          class="nav-link"
          data-rr-ui-event-key="/admin/bundles"
          data-testid="/admin/bundles"
          href="/admin/bundles"
        >
          חבילות
        </a>
        <a
          class="nav-link"
          data-rr-ui-event-key="/admin/plansModel"
          data-testid="/admin/plansModel"
          href="/admin/plansModel"
        >
          מודלים
        </a>
        <a
          class="nav-link"
          data-rr-ui-event-key="/admin/countries"
          data-testid="/admin/countries"
          href="/admin/countries"
        >
          מדינות
        </a>
        <a
          class="nav-link"
          data-rr-ui-event-key="/admin/coupons"
          data-testid="/admin/coupons"
          href="/admin/coupons"
        >
          קופונים
        </a>
        <a
          class="nav-link"
          data-rr-ui-event-key="/admin/transactions"
          data-testid="/admin/transactions"
          href="/admin/transactions"
        >
          תנועות
        </a>
        <a
          class="nav-link"
          data-rr-ui-event-key="/admin/users"
          data-testid="/admin/users"
          href="/admin/users"
        >
          משתמשים
        </a>
        <a
          class="nav-link"
          data-rr-ui-event-key="/admin/supportedphones"
          data-testid="/admin/supportedphones"
          href="/admin/supportedphones"
        >
          טלפונים נתמכים
        </a>
        <a
          class="nav-link"
          data-rr-ui-event-key="/admin/blog"
          data-testid="/admin/blog"
          href="/admin/blog"
        >
          בלוג
        </a>
        <a
          class="nav-link"
          data-rr-ui-event-key="/admin/inquiries"
          data-testid="/admin/inquiries"
          href="/admin/inquiries"
        >
          פניות
        </a>
        <a
          class="nav-link"
          data-rr-ui-event-key="/admin/apikeys"
          data-testid="/admin/apikeys"
          href="/admin/apikeys"
        >
          API
        </a>
        <a
          class="nav-link"
          data-rr-ui-event-key="/settings"
          data-testid="/admin/settings"
          href="/admin/settings"
        >
          הגדרות
        </a>
      </div>
      <div
        class="me-auto navbar-nav"
      >
        <a
          class="nav-link"
          href="#"
          role="button"
          tabindex="0"
        >
          התנתק
        </a>
        <a
          class="nav-link"
          data-rr-ui-event-key="/"
          data-testid="/"
          href="/"
        >
          חזרה לאתר
        </a>
      </div>
    </div>
    <span
      class="navbar-brand"
    >
      <span
        style="box-sizing: border-box; display: inline-block; overflow: hidden; background: none; opacity: 1; border: 0px; margin: 0px; padding: 0px; position: relative; max-width: 100%;"
      >
        <span
          style="box-sizing: border-box; display: block; background: none; opacity: 1; border: 0px; margin: 0px; padding: 0px; max-width: 100%;"
        >
          <img
            alt=""
            aria-hidden="true"
            src="data:image/svg+xml,%3csvg%20xmlns=%27http://www.w3.org/2000/svg%27%20version=%271.1%27%20width=%2780%27%20height=%2750%27/%3e"
            style="display: block; max-width: 100%; background: none; opacity: 1; border: 0px; margin: 0px; padding: 0px;"
          />
        </span>
        <img
          alt="logo"
          data-nimg="intrinsic"
          decoding="async"
          src="data:image/gif;base64,R0lGODlhAQABAIAAAAAAAP///yH5BAEAAAAALAAAAAABAAEAAAIBRAA7"
          style="position: absolute; top: 0px; left: 0px; bottom: 0px; right: 0px; box-sizing: border-box; padding: 0px; margin: auto; display: block; width: 0px; height: 0px; min-width: 100%; max-width: 100%; min-height: 100%; max-height: 100%;"
        />
        <noscript />
      </span>
    </span>
  </nav>
</div>
`;
