// Jest Snapshot v1, https://goo.gl/fbAQLP

exports[`AdminTableSwitch matches snapshot 1`] = `
<div>
  <div
    class="form-switch"
  >
    <input
      class="form-check-input"
      type="checkbox"
    />
  </div>
</div>
`;
